[      81ms] [INFO] %cDownload the React DevTools for a better development experience: https://reactjs.org/link/react-devtools font-weight:bold @ http://localhost:5173/node_modules/.vite/deps/chunk-NEPDRNXC.js?v=8e58a82e:21548
[      85ms] [WARNING] ⚠️ React Router Future Flag Warning: React Router will begin wrapping state updates in `React.startTransition` in v7. You can use the `v7_startTransition` future flag to opt-in early. For more information, see https://reactrouter.com/v6/upgrading/future#v7_starttransition. @ http://localhost:5173/node_modules/.vite/deps/react-router-dom.js?v=528e4ab4:4424
[     164ms] [WARNING] No routes matched location "/reader/reader.html?file=/samples/sample.pdf"  @ http://localhost:5173/node_modules/.vite/deps/react-router-dom.js?v=528e4ab4:206
[     164ms] [WARNING] No routes matched location "/reader/reader.html?file=/samples/sample.pdf"  @ http://localhost:5173/node_modules/.vite/deps/react-router-dom.js?v=528e4ab4:206
[     164ms] [ERROR] Error handled by React Router default ErrorBoundary: ErrorResponseImpl @ http://localhost:5173/node_modules/.vite/deps/react-router-dom.js?v=528e4ab4:4061
[     164ms] [ERROR] Error handled by React Router default ErrorBoundary: ErrorResponseImpl @ http://localhost:5173/node_modules/.vite/deps/react-router-dom.js?v=528e4ab4:4061
[     165ms] [WARNING] ⚠️ React Router Future Flag Warning: React Router will begin wrapping state updates in `React.startTransition` in v7. You can use the `v7_startTransition` future flag to opt-in early. For more information, see https://reactrouter.com/v6/upgrading/future#v7_starttransition. @ http://localhost:5173/node_modules/.vite/deps/react-router-dom.js?v=528e4ab4:4424
[   61427ms] [INFO] %cDownload the React DevTools for a better development experience: https://reactjs.org/link/react-devtools font-weight:bold @ http://localhost:5173/node_modules/.vite/deps/chunk-NEPDRNXC.js?v=8e58a82e:21548
[   61431ms] [WARNING] ⚠️ React Router Future Flag Warning: React Router will begin wrapping state updates in `React.startTransition` in v7. You can use the `v7_startTransition` future flag to opt-in early. For more information, see https://reactrouter.com/v6/upgrading/future#v7_starttransition. @ http://localhost:5173/node_modules/.vite/deps/react-router-dom.js?v=528e4ab4:4424
[   61465ms] [WARNING] No routes matched location "/reader/reader.html?file=/samples/sample.pdf"  @ http://localhost:5173/node_modules/.vite/deps/react-router-dom.js?v=528e4ab4:206
[   61465ms] [WARNING] No routes matched location "/reader/reader.html?file=/samples/sample.pdf"  @ http://localhost:5173/node_modules/.vite/deps/react-router-dom.js?v=528e4ab4:206
[   61465ms] [ERROR] Error handled by React Router default ErrorBoundary: ErrorResponseImpl @ http://localhost:5173/node_modules/.vite/deps/react-router-dom.js?v=528e4ab4:4061
[   61465ms] [ERROR] Error handled by React Router default ErrorBoundary: ErrorResponseImpl @ http://localhost:5173/node_modules/.vite/deps/react-router-dom.js?v=528e4ab4:4061
[   61465ms] [WARNING] ⚠️ React Router Future Flag Warning: React Router will begin wrapping state updates in `React.startTransition` in v7. You can use the `v7_startTransition` future flag to opt-in early. For more information, see https://reactrouter.com/v6/upgrading/future#v7_starttransition. @ http://localhost:5173/node_modules/.vite/deps/react-router-dom.js?v=528e4ab4:4424
[ 1353425ms] [LOG] [vite] server connection lost. Polling for restart... @ http://localhost:5173/@vite/client:559
[ 1353425ms] [LOG] [vite] server connection lost. Polling for restart... @ http://localhost:5173/@vite/client:559
[ 1353468ms] [WARNING] No routes matched location "/reader/reader.html?file=/samples/sample.pdf"  @ http://localhost:5173/node_modules/.vite/deps/react-router-dom.js?v=528e4ab4:206
[ 1353468ms] [WARNING] No routes matched location "/reader/reader.html?file=/samples/sample.pdf"  @ http://localhost:5173/node_modules/.vite/deps/react-router-dom.js?v=528e4ab4:206
[ 1353468ms] [ERROR] Error handled by React Router default ErrorBoundary: ErrorResponseImpl @ http://localhost:5173/node_modules/.vite/deps/react-router-dom.js?v=528e4ab4:4061
[ 1353468ms] [ERROR] Error handled by React Router default ErrorBoundary: ErrorResponseImpl @ http://localhost:5173/node_modules/.vite/deps/react-router-dom.js?v=528e4ab4:4061
[ 1353468ms] [WARNING] ⚠️ React Router Future Flag Warning: React Router will begin wrapping state updates in `React.startTransition` in v7. You can use the `v7_startTransition` future flag to opt-in early. For more information, see https://reactrouter.com/v6/upgrading/future#v7_starttransition. @ http://localhost:5173/node_modules/.vite/deps/react-router-dom.js?v=528e4ab4:4424
[ 1353536ms] [INFO] %cDownload the React DevTools for a better development experience: https://reactjs.org/link/react-devtools font-weight:bold @ http://localhost:5173/node_modules/.vite/deps/chunk-NEPDRNXC.js?v=8e58a82e:21548
[ 1353540ms] [WARNING] ⚠️ React Router Future Flag Warning: React Router will begin wrapping state updates in `React.startTransition` in v7. You can use the `v7_startTransition` future flag to opt-in early. For more information, see https://reactrouter.com/v6/upgrading/future#v7_starttransition. @ http://localhost:5173/node_modules/.vite/deps/react-router-dom.js?v=528e4ab4:4424
[ 1353572ms] [WARNING] No routes matched location "/reader/reader.html?file=/samples/sample.pdf"  @ http://localhost:5173/node_modules/.vite/deps/react-router-dom.js?v=528e4ab4:206
[ 1353572ms] [WARNING] No routes matched location "/reader/reader.html?file=/samples/sample.pdf"  @ http://localhost:5173/node_modules/.vite/deps/react-router-dom.js?v=528e4ab4:206
[ 1353572ms] [ERROR] Error handled by React Router default ErrorBoundary: ErrorResponseImpl @ http://localhost:5173/node_modules/.vite/deps/react-router-dom.js?v=528e4ab4:4061
[ 1353572ms] [ERROR] Error handled by React Router default ErrorBoundary: ErrorResponseImpl @ http://localhost:5173/node_modules/.vite/deps/react-router-dom.js?v=528e4ab4:4061
[ 1353573ms] [WARNING] ⚠️ React Router Future Flag Warning: React Router will begin wrapping state updates in `React.startTransition` in v7. You can use the `v7_startTransition` future flag to opt-in early. For more information, see https://reactrouter.com/v6/upgrading/future#v7_starttransition. @ http://localhost:5173/node_modules/.vite/deps/react-router-dom.js?v=528e4ab4:4424
[ 3063717ms] [LOG] [vite] server connection lost. Polling for restart... @ http://localhost:5173/@vite/client:559
[ 3063718ms] [LOG] [vite] server connection lost. Polling for restart... @ http://localhost:5173/@vite/client:559
[ 3063770ms] [WARNING] No routes matched location "/reader/reader.html?file=/samples/sample.pdf"  @ http://localhost:5173/node_modules/.vite/deps/react-router-dom.js?v=528e4ab4:206
[ 3063770ms] [WARNING] No routes matched location "/reader/reader.html?file=/samples/sample.pdf"  @ http://localhost:5173/node_modules/.vite/deps/react-router-dom.js?v=528e4ab4:206
[ 3063770ms] [ERROR] Error handled by React Router default ErrorBoundary: ErrorResponseImpl @ http://localhost:5173/node_modules/.vite/deps/react-router-dom.js?v=528e4ab4:4061
[ 3063771ms] [ERROR] Error handled by React Router default ErrorBoundary: ErrorResponseImpl @ http://localhost:5173/node_modules/.vite/deps/react-router-dom.js?v=528e4ab4:4061
[ 3063771ms] [WARNING] ⚠️ React Router Future Flag Warning: React Router will begin wrapping state updates in `React.startTransition` in v7. You can use the `v7_startTransition` future flag to opt-in early. For more information, see https://reactrouter.com/v6/upgrading/future#v7_starttransition. @ http://localhost:5173/node_modules/.vite/deps/react-router-dom.js?v=528e4ab4:4424
[ 3063842ms] [INFO] %cDownload the React DevTools for a better development experience: https://reactjs.org/link/react-devtools font-weight:bold @ http://localhost:5173/node_modules/.vite/deps/chunk-NEPDRNXC.js?v=8e58a82e:21548
[ 3063845ms] [WARNING] ⚠️ React Router Future Flag Warning: React Router will begin wrapping state updates in `React.startTransition` in v7. You can use the `v7_startTransition` future flag to opt-in early. For more information, see https://reactrouter.com/v6/upgrading/future#v7_starttransition. @ http://localhost:5173/node_modules/.vite/deps/react-router-dom.js?v=528e4ab4:4424
[ 3063877ms] [WARNING] No routes matched location "/reader/reader.html?file=/samples/sample.pdf"  @ http://localhost:5173/node_modules/.vite/deps/react-router-dom.js?v=528e4ab4:206
[ 3063877ms] [WARNING] No routes matched location "/reader/reader.html?file=/samples/sample.pdf"  @ http://localhost:5173/node_modules/.vite/deps/react-router-dom.js?v=528e4ab4:206
[ 3063877ms] [ERROR] Error handled by React Router default ErrorBoundary: ErrorResponseImpl @ http://localhost:5173/node_modules/.vite/deps/react-router-dom.js?v=528e4ab4:4061
[ 3063877ms] [ERROR] Error handled by React Router default ErrorBoundary: ErrorResponseImpl @ http://localhost:5173/node_modules/.vite/deps/react-router-dom.js?v=528e4ab4:4061
[ 3063878ms] [WARNING] ⚠️ React Router Future Flag Warning: React Router will begin wrapping state updates in `React.startTransition` in v7. You can use the `v7_startTransition` future flag to opt-in early. For more information, see https://reactrouter.com/v6/upgrading/future#v7_starttransition. @ http://localhost:5173/node_modules/.vite/deps/react-router-dom.js?v=528e4ab4:4424
[ 4649464ms] [LOG] [vite] server connection lost. Polling for restart... @ http://localhost:5173/@vite/client:559
[ 4649465ms] [LOG] [vite] server connection lost. Polling for restart... @ http://localhost:5173/@vite/client:559
[ 4649532ms] [WARNING] No routes matched location "/reader/reader.html?file=/samples/sample.pdf"  @ http://localhost:5173/node_modules/.vite/deps/react-router-dom.js?v=528e4ab4:206
[ 4649532ms] [WARNING] No routes matched location "/reader/reader.html?file=/samples/sample.pdf"  @ http://localhost:5173/node_modules/.vite/deps/react-router-dom.js?v=528e4ab4:206
[ 4649532ms] [ERROR] Error handled by React Router default ErrorBoundary: ErrorResponseImpl @ http://localhost:5173/node_modules/.vite/deps/react-router-dom.js?v=528e4ab4:4061
[ 4649532ms] [ERROR] Error handled by React Router default ErrorBoundary: ErrorResponseImpl @ http://localhost:5173/node_modules/.vite/deps/react-router-dom.js?v=528e4ab4:4061
[ 4649533ms] [WARNING] ⚠️ React Router Future Flag Warning: React Router will begin wrapping state updates in `React.startTransition` in v7. You can use the `v7_startTransition` future flag to opt-in early. For more information, see https://reactrouter.com/v6/upgrading/future#v7_starttransition. @ http://localhost:5173/node_modules/.vite/deps/react-router-dom.js?v=528e4ab4:4424
[ 4649608ms] [INFO] %cDownload the React DevTools for a better development experience: https://reactjs.org/link/react-devtools font-weight:bold @ http://localhost:5173/node_modules/.vite/deps/chunk-NEPDRNXC.js?v=8e58a82e:21548
[ 4649612ms] [WARNING] ⚠️ React Router Future Flag Warning: React Router will begin wrapping state updates in `React.startTransition` in v7. You can use the `v7_startTransition` future flag to opt-in early. For more information, see https://reactrouter.com/v6/upgrading/future#v7_starttransition. @ http://localhost:5173/node_modules/.vite/deps/react-router-dom.js?v=528e4ab4:4424
[ 4649659ms] [WARNING] No routes matched location "/reader/reader.html?file=/samples/sample.pdf"  @ http://localhost:5173/node_modules/.vite/deps/react-router-dom.js?v=528e4ab4:206
[ 4649659ms] [WARNING] No routes matched location "/reader/reader.html?file=/samples/sample.pdf"  @ http://localhost:5173/node_modules/.vite/deps/react-router-dom.js?v=528e4ab4:206
[ 4649659ms] [ERROR] Error handled by React Router default ErrorBoundary: ErrorResponseImpl @ http://localhost:5173/node_modules/.vite/deps/react-router-dom.js?v=528e4ab4:4061
[ 4649659ms] [ERROR] Error handled by React Router default ErrorBoundary: ErrorResponseImpl @ http://localhost:5173/node_modules/.vite/deps/react-router-dom.js?v=528e4ab4:4061
[ 4649659ms] [WARNING] ⚠️ React Router Future Flag Warning: React Router will begin wrapping state updates in `React.startTransition` in v7. You can use the `v7_startTransition` future flag to opt-in early. For more information, see https://reactrouter.com/v6/upgrading/future#v7_starttransition. @ http://localhost:5173/node_modules/.vite/deps/react-router-dom.js?v=528e4ab4:4424
[52983573ms] [LOG] [vite] server connection lost. Polling for restart... @ http://localhost:5173/@vite/client:559
[52983574ms] [LOG] [vite] server connection lost. Polling for restart... @ http://localhost:5173/@vite/client:559
[52983626ms] [WARNING] No routes matched location "/reader/reader.html?file=/samples/sample.pdf"  @ http://localhost:5173/node_modules/.vite/deps/react-router-dom.js?v=528e4ab4:206
[52983626ms] [WARNING] No routes matched location "/reader/reader.html?file=/samples/sample.pdf"  @ http://localhost:5173/node_modules/.vite/deps/react-router-dom.js?v=528e4ab4:206
[52983626ms] [ERROR] Error handled by React Router default ErrorBoundary: ErrorResponseImpl @ http://localhost:5173/node_modules/.vite/deps/react-router-dom.js?v=528e4ab4:4061
[52983626ms] [ERROR] Error handled by React Router default ErrorBoundary: ErrorResponseImpl @ http://localhost:5173/node_modules/.vite/deps/react-router-dom.js?v=528e4ab4:4061
[52983626ms] [WARNING] ⚠️ React Router Future Flag Warning: React Router will begin wrapping state updates in `React.startTransition` in v7. You can use the `v7_startTransition` future flag to opt-in early. For more information, see https://reactrouter.com/v6/upgrading/future#v7_starttransition. @ http://localhost:5173/node_modules/.vite/deps/react-router-dom.js?v=528e4ab4:4424
[52983700ms] [INFO] %cDownload the React DevTools for a better development experience: https://reactjs.org/link/react-devtools font-weight:bold @ http://localhost:5173/node_modules/.vite/deps/chunk-NEPDRNXC.js?v=8e58a82e:21548
[52983704ms] [WARNING] ⚠️ React Router Future Flag Warning: React Router will begin wrapping state updates in `React.startTransition` in v7. You can use the `v7_startTransition` future flag to opt-in early. For more information, see https://reactrouter.com/v6/upgrading/future#v7_starttransition. @ http://localhost:5173/node_modules/.vite/deps/react-router-dom.js?v=528e4ab4:4424
[52983737ms] [WARNING] No routes matched location "/reader/reader.html?file=/samples/sample.pdf"  @ http://localhost:5173/node_modules/.vite/deps/react-router-dom.js?v=528e4ab4:206
[52983738ms] [WARNING] No routes matched location "/reader/reader.html?file=/samples/sample.pdf"  @ http://localhost:5173/node_modules/.vite/deps/react-router-dom.js?v=528e4ab4:206
[52983738ms] [ERROR] Error handled by React Router default ErrorBoundary: ErrorResponseImpl @ http://localhost:5173/node_modules/.vite/deps/react-router-dom.js?v=528e4ab4:4061
[52983738ms] [ERROR] Error handled by React Router default ErrorBoundary: ErrorResponseImpl @ http://localhost:5173/node_modules/.vite/deps/react-router-dom.js?v=528e4ab4:4061
[52983738ms] [WARNING] ⚠️ React Router Future Flag Warning: React Router will begin wrapping state updates in `React.startTransition` in v7. You can use the `v7_startTransition` future flag to opt-in early. For more information, see https://reactrouter.com/v6/upgrading/future#v7_starttransition. @ http://localhost:5173/node_modules/.vite/deps/react-router-dom.js?v=528e4ab4:4424
[82954728ms] [LOG] [vite] server connection lost. Polling for restart... @ http://localhost:5173/@vite/client:559
[82954728ms] [LOG] [vite] server connection lost. Polling for restart... @ http://localhost:5173/@vite/client:559
[82954857ms] [INFO] %cDownload the React DevTools for a better development experience: https://reactjs.org/link/react-devtools font-weight:bold @ http://localhost:5173/node_modules/.vite/deps/chunk-NEPDRNXC.js?v=8e58a82e:21548
[82954861ms] [WARNING] ⚠️ React Router Future Flag Warning: React Router will begin wrapping state updates in `React.startTransition` in v7. You can use the `v7_startTransition` future flag to opt-in early. For more information, see https://reactrouter.com/v6/upgrading/future#v7_starttransition. @ http://localhost:5173/node_modules/.vite/deps/react-router-dom.js?v=528e4ab4:4424
[82954895ms] [WARNING] No routes matched location "/reader/reader.html?file=/samples/sample.pdf"  @ http://localhost:5173/node_modules/.vite/deps/react-router-dom.js?v=528e4ab4:206
[82954895ms] [WARNING] No routes matched location "/reader/reader.html?file=/samples/sample.pdf"  @ http://localhost:5173/node_modules/.vite/deps/react-router-dom.js?v=528e4ab4:206
[82954895ms] [ERROR] Error handled by React Router default ErrorBoundary: ErrorResponseImpl @ http://localhost:5173/node_modules/.vite/deps/react-router-dom.js?v=528e4ab4:4061
[82954895ms] [ERROR] Error handled by React Router default ErrorBoundary: ErrorResponseImpl @ http://localhost:5173/node_modules/.vite/deps/react-router-dom.js?v=528e4ab4:4061
[82954895ms] [WARNING] ⚠️ React Router Future Flag Warning: React Router will begin wrapping state updates in `React.startTransition` in v7. You can use the `v7_startTransition` future flag to opt-in early. For more information, see https://reactrouter.com/v6/upgrading/future#v7_starttransition. @ http://localhost:5173/node_modules/.vite/deps/react-router-dom.js?v=528e4ab4:4424
[101226181ms] [ERROR] Failed to load resource: net::ERR_CONNECTION_CLOSED @ https://www.googletagmanager.com/gtag/js?id=AW-16521530460&preconnect=1&type=7&qid=CPfLwZzwppYDFXUkRAgdots2tA:0
[101227759ms] [ERROR] Failed to load resource: net::ERR_CONNECTION_CLOSED @ https://www.googleadservices.com/pagead/conversion/16521530460/?gad_source=1&adview_type=1&adview_query_id=CPfLwZzwppYDFXUkRAgdots2tA:0
[101227782ms] [ERROR] Failed to load resource: net::ERR_CONNECTION_CLOSED @ https://ogads-pa.clients6.google.com/$rpc/google.internal.onegoogle.asyncdata.v1.AsyncDataService/GetAsyncData:0
[101229319ms] [ERROR] Failed to load resource: net::ERR_CONNECTION_CLOSED @ https://www.googletagmanager.com/gtm.js?id=GTM-16521530460&preconnect=1&type=8&qid=CPfLwZzwppYDFXUkRAgdots2tA:0
[101230927ms] [ERROR] Failed to load resource: net::ERR_CONNECTION_CLOSED @ https://ep1.adtrafficquality.google/getconfig/sodar?sv=200&tid=oos&tv=2509&st=cr_env&sjk=1pSCavj8AaO6kPIP8fT-0AE:0
